verifier:       scitt_time_anchor 0.1.0 (draft -06), MIN_CONFIRMATIONS=6
artifact:       cc1.txt sha256 d2d6506942e9e4784d0d0e67e8da7020aae847db2801985dda50e600f5403c6f
proof:          cc1.txt.anchored.ots sha256 89ebe5d34158ca642d05358c8b41c140903b46b03033b8c35ae42be0014214d8

=== validated chain source: operator full node
outcome:        valid
reason:         artifact is bound to a sufficiently confirmed Bitcoin block
block_height:   968588
rwcp (nTime):   1790370293
confirmations:  154
branch:         height=968588 state=verified ops=79
branch:         height=968588 state=verified ops=83
branch:         height=968635 state=verified ops=86
source:         header_by_height(968588) -> header 000000000000000000000645853be94e21ff82323d1e4e5deacea3966dc62373
source:         header_by_height(968635) -> header 00000000000000000000836dfab1879244485960e1ee0a506461ad5a93560ed2
source:         confirmations_on(968588) -> 154

=== no validated chain source
outcome:        unverifiable
reason:         no verified branch and at least one branch was unevaluated
block_height:   None
rwcp (nTime):   None
confirmations:  None
branch:         height=968588 state=unavailable ops=79
branch:         height=968588 state=unavailable ops=83
branch:         height=968635 state=unavailable ops=86
source:         header_by_height(968588) -> None: no validated chain source
source:         header_by_height(968635) -> None: no validated chain source

